[2026-04-03 17:49:52,912:run_diverse_configs.py#L59:INFO]: ====================================================================================================
[2026-04-03 17:49:52,916:run_diverse_configs.py#L60:INFO]: E2ETune: Running Diverse Configs
[2026-04-03 17:49:52,917:run_diverse_configs.py#L61:INFO]: ====================================================================================================
[2026-04-03 17:49:52,917:run_diverse_configs.py#L62:INFO]: Config: config/config.yaml
[2026-04-03 17:49:52,918:run_diverse_configs.py#L63:INFO]: Host: localhost  DB: imdb
[2026-04-03 17:49:52,919:run_diverse_configs.py#L64:INFO]: Benchmark: job  Type: olap
[2026-04-03 17:49:52,932:run_diverse_configs.py#L65:INFO]: Workload path: ./olap_workloads
[2026-04-03 17:49:52,932:run_diverse_configs.py#L66:INFO]: ====================================================================================================
[2026-04-03 17:50:34,631:run_diverse_configs.py#L115:INFO]: Running 10 configs for job_147
[2026-04-03 17:50:34,646:run_diverse_configs.py#L123:INFO]: Running config 1/10 for job_147
[2026-04-03 17:50:34,696:MySQL_Database.py#L239:INFO]: Transpiling workload from PostgreSQL to MySQL syntax...
[2026-04-03 17:50:35,039:MySQL_Database.py#L79:INFO]: MySQL knobs persisted to mysqld-auto.cnf. Restarting to apply...
[2026-04-03 17:50:35,039:MySQL_Database.py#L189:INFO]: Restarting MySQL service...
[2026-04-03 17:51:23,414:MySQL_Database.py#L231:ERROR]: Failed to restart MySQL: Command '['sudo', 'systemctl', 'restart', 'mysql']' returned non-zero exit status 1.
[2026-04-03 17:51:23,417:MySQL_Database.py#L264:INFO]: Executing transpiled workload olap_workloads/job_147.wg (2 queries)...
[2026-04-03 17:51:23,426:run_diverse_configs.py#L194:ERROR]: Error running config 1 for job_147: MySQL Connection not available
[2026-04-03 17:51:23,428:run_diverse_configs.py#L123:INFO]: Running config 2/10 for job_147
[2026-04-03 17:51:23,431:MySQL_Database.py#L239:INFO]: Transpiling workload from PostgreSQL to MySQL syntax...
[2026-04-03 17:51:23,445:run_diverse_configs.py#L194:ERROR]: Error running config 2 for job_147: MySQL Connection not available
[2026-04-03 17:51:23,446:run_diverse_configs.py#L123:INFO]: Running config 3/10 for job_147
[2026-04-03 17:51:23,450:MySQL_Database.py#L239:INFO]: Transpiling workload from PostgreSQL to MySQL syntax...
[2026-04-03 17:51:23,460:run_diverse_configs.py#L194:ERROR]: Error running config 3 for job_147: MySQL Connection not available
[2026-04-03 17:51:23,461:run_diverse_configs.py#L123:INFO]: Running config 4/10 for job_147
[2026-04-03 17:51:23,461:MySQL_Database.py#L239:INFO]: Transpiling workload from PostgreSQL to MySQL syntax...
[2026-04-03 17:51:23,471:run_diverse_configs.py#L194:ERROR]: Error running config 4 for job_147: MySQL Connection not available
[2026-04-03 17:51:23,475:run_diverse_configs.py#L123:INFO]: Running config 5/10 for job_147
[2026-04-03 17:51:23,475:MySQL_Database.py#L239:INFO]: Transpiling workload from PostgreSQL to MySQL syntax...
[2026-04-03 17:51:23,490:run_diverse_configs.py#L194:ERROR]: Error running config 5 for job_147: MySQL Connection not available
[2026-04-03 17:51:23,491:run_diverse_configs.py#L123:INFO]: Running config 6/10 for job_147
[2026-04-03 17:51:23,492:MySQL_Database.py#L239:INFO]: Transpiling workload from PostgreSQL to MySQL syntax...
[2026-04-03 17:51:23,503:run_diverse_configs.py#L194:ERROR]: Error running config 6 for job_147: MySQL Connection not available
[2026-04-03 17:51:23,505:run_diverse_configs.py#L123:INFO]: Running config 7/10 for job_147
[2026-04-03 17:51:23,505:MySQL_Database.py#L239:INFO]: Transpiling workload from PostgreSQL to MySQL syntax...
[2026-04-03 17:51:23,518:run_diverse_configs.py#L194:ERROR]: Error running config 7 for job_147: MySQL Connection not available
[2026-04-03 17:51:23,519:run_diverse_configs.py#L123:INFO]: Running config 8/10 for job_147
[2026-04-03 17:51:23,520:MySQL_Database.py#L239:INFO]: Transpiling workload from PostgreSQL to MySQL syntax...
[2026-04-03 17:51:23,532:run_diverse_configs.py#L194:ERROR]: Error running config 8 for job_147: MySQL Connection not available
[2026-04-03 17:51:23,533:run_diverse_configs.py#L123:INFO]: Running config 9/10 for job_147
[2026-04-03 17:51:23,537:MySQL_Database.py#L239:INFO]: Transpiling workload from PostgreSQL to MySQL syntax...
[2026-04-03 17:51:23,544:run_diverse_configs.py#L194:ERROR]: Error running config 9 for job_147: MySQL Connection not available
[2026-04-03 17:51:23,547:run_diverse_configs.py#L123:INFO]: Running config 10/10 for job_147
[2026-04-03 17:51:23,547:MySQL_Database.py#L239:INFO]: Transpiling workload from PostgreSQL to MySQL syntax...
[2026-04-03 17:51:23,561:run_diverse_configs.py#L194:ERROR]: Error running config 10 for job_147: MySQL Connection not available
[2026-04-03 17:51:23,562:run_diverse_configs.py#L115:INFO]: Running 10 configs for job_64
[2026-04-03 17:51:23,566:run_diverse_configs.py#L123:INFO]: Running config 1/10 for job_64
[2026-04-03 17:51:23,567:MySQL_Database.py#L239:INFO]: Transpiling workload from PostgreSQL to MySQL syntax...
[2026-04-03 17:51:23,584:run_diverse_configs.py#L194:ERROR]: Error running config 1 for job_64: MySQL Connection not available
[2026-04-03 17:51:23,596:run_diverse_configs.py#L123:INFO]: Running config 2/10 for job_64
[2026-04-03 17:51:23,596:MySQL_Database.py#L239:INFO]: Transpiling workload from PostgreSQL to MySQL syntax...
[2026-04-03 17:51:23,625:run_diverse_configs.py#L194:ERROR]: Error running config 2 for job_64: MySQL Connection not available
[2026-04-03 17:51:23,625:run_diverse_configs.py#L123:INFO]: Running config 3/10 for job_64
[2026-04-03 17:51:23,627:MySQL_Database.py#L239:INFO]: Transpiling workload from PostgreSQL to MySQL syntax...
[2026-04-03 17:51:23,654:run_diverse_configs.py#L194:ERROR]: Error running config 3 for job_64: MySQL Connection not available
[2026-04-03 17:51:23,655:run_diverse_configs.py#L123:INFO]: Running config 4/10 for job_64
[2026-04-03 17:51:23,662:MySQL_Database.py#L239:INFO]: Transpiling workload from PostgreSQL to MySQL syntax...
[2026-04-03 17:51:23,693:run_diverse_configs.py#L194:ERROR]: Error running config 4 for job_64: MySQL Connection not available
[2026-04-03 17:51:23,698:run_diverse_configs.py#L123:INFO]: Running config 5/10 for job_64
[2026-04-03 17:51:23,699:MySQL_Database.py#L239:INFO]: Transpiling workload from PostgreSQL to MySQL syntax...
[2026-04-03 17:51:23,726:run_diverse_configs.py#L194:ERROR]: Error running config 5 for job_64: MySQL Connection not available
[2026-04-03 17:51:23,740:run_diverse_configs.py#L123:INFO]: Running config 6/10 for job_64
[2026-04-03 17:51:23,740:MySQL_Database.py#L239:INFO]: Transpiling workload from PostgreSQL to MySQL syntax...
[2026-04-03 17:51:23,767:run_diverse_configs.py#L194:ERROR]: Error running config 6 for job_64: MySQL Connection not available
[2026-04-03 17:51:23,770:run_diverse_configs.py#L123:INFO]: Running config 7/10 for job_64
[2026-04-03 17:51:23,774:MySQL_Database.py#L239:INFO]: Transpiling workload from PostgreSQL to MySQL syntax...
[2026-04-03 17:51:23,804:run_diverse_configs.py#L194:ERROR]: Error running config 7 for job_64: MySQL Connection not available
[2026-04-03 17:51:23,809:run_diverse_configs.py#L123:INFO]: Running config 8/10 for job_64
[2026-04-03 17:51:23,810:MySQL_Database.py#L239:INFO]: Transpiling workload from PostgreSQL to MySQL syntax...
[2026-04-03 17:51:23,841:run_diverse_configs.py#L194:ERROR]: Error running config 8 for job_64: MySQL Connection not available
[2026-04-03 17:51:23,841:run_diverse_configs.py#L123:INFO]: Running config 9/10 for job_64
[2026-04-03 17:51:23,841:MySQL_Database.py#L239:INFO]: Transpiling workload from PostgreSQL to MySQL syntax...
[2026-04-03 17:51:23,850:run_diverse_configs.py#L194:ERROR]: Error running config 9 for job_64: MySQL Connection not available
[2026-04-03 17:51:23,850:run_diverse_configs.py#L123:INFO]: Running config 10/10 for job_64
[2026-04-03 17:51:23,851:MySQL_Database.py#L239:INFO]: Transpiling workload from PostgreSQL to MySQL syntax...
[2026-04-03 17:51:23,861:run_diverse_configs.py#L194:ERROR]: Error running config 10 for job_64: MySQL Connection not available
[2026-04-03 17:51:23,877:run_diverse_configs.py#L115:INFO]: Running 10 configs for job_157
[2026-04-03 17:51:23,877:run_diverse_configs.py#L123:INFO]: Running config 1/10 for job_157
[2026-04-03 17:51:23,880:MySQL_Database.py#L239:INFO]: Transpiling workload from PostgreSQL to MySQL syntax...
[2026-04-03 17:51:24,294:run_diverse_configs.py#L194:ERROR]: Error running config 1 for job_157: MySQL Connection not available
[2026-04-03 17:51:24,318:run_diverse_configs.py#L123:INFO]: Running config 2/10 for job_157
[2026-04-03 17:51:24,325:MySQL_Database.py#L239:INFO]: Transpiling workload from PostgreSQL to MySQL syntax...
[2026-04-03 17:51:24,770:run_diverse_configs.py#L194:ERROR]: Error running config 2 for job_157: MySQL Connection not available
[2026-04-03 17:51:24,781:run_diverse_configs.py#L123:INFO]: Running config 3/10 for job_157
[2026-04-03 17:51:24,784:MySQL_Database.py#L239:INFO]: Transpiling workload from PostgreSQL to MySQL syntax...
[2026-04-03 17:51:25,057:run_diverse_configs.py#L194:ERROR]: Error running config 3 for job_157: MySQL Connection not available
[2026-04-03 17:51:25,074:run_diverse_configs.py#L123:INFO]: Running config 4/10 for job_157
[2026-04-03 17:51:25,086:MySQL_Database.py#L239:INFO]: Transpiling workload from PostgreSQL to MySQL syntax...
[2026-04-03 17:51:25,468:run_diverse_configs.py#L194:ERROR]: Error running config 4 for job_157: MySQL Connection not available
[2026-04-03 17:51:25,468:run_diverse_configs.py#L123:INFO]: Running config 5/10 for job_157
[2026-04-03 17:51:25,530:MySQL_Database.py#L239:INFO]: Transpiling workload from PostgreSQL to MySQL syntax...
[2026-04-03 17:51:25,779:run_diverse_configs.py#L194:ERROR]: Error running config 5 for job_157: MySQL Connection not available
[2026-04-03 17:51:25,807:run_diverse_configs.py#L123:INFO]: Running config 6/10 for job_157
[2026-04-03 17:51:25,839:MySQL_Database.py#L239:INFO]: Transpiling workload from PostgreSQL to MySQL syntax...
[2026-04-03 17:51:26,155:run_diverse_configs.py#L194:ERROR]: Error running config 6 for job_157: MySQL Connection not available
[2026-04-03 17:51:26,159:run_diverse_configs.py#L123:INFO]: Running config 7/10 for job_157
[2026-04-03 17:51:26,164:MySQL_Database.py#L239:INFO]: Transpiling workload from PostgreSQL to MySQL syntax...
[2026-04-03 17:51:26,505:run_diverse_configs.py#L194:ERROR]: Error running config 7 for job_157: MySQL Connection not available
[2026-04-03 17:51:26,505:run_diverse_configs.py#L123:INFO]: Running config 8/10 for job_157
[2026-04-03 17:51:26,506:MySQL_Database.py#L239:INFO]: Transpiling workload from PostgreSQL to MySQL syntax...
[2026-04-03 17:51:26,861:run_diverse_configs.py#L194:ERROR]: Error running config 8 for job_157: MySQL Connection not available
[2026-04-03 17:51:26,862:run_diverse_configs.py#L123:INFO]: Running config 9/10 for job_157
[2026-04-03 17:51:26,865:MySQL_Database.py#L239:INFO]: Transpiling workload from PostgreSQL to MySQL syntax...
[2026-04-03 17:51:27,250:run_diverse_configs.py#L194:ERROR]: Error running config 9 for job_157: MySQL Connection not available
[2026-04-03 17:51:27,272:run_diverse_configs.py#L123:INFO]: Running config 10/10 for job_157
[2026-04-03 17:51:27,278:MySQL_Database.py#L239:INFO]: Transpiling workload from PostgreSQL to MySQL syntax...
[2026-04-03 17:51:27,565:run_diverse_configs.py#L194:ERROR]: Error running config 10 for job_157: MySQL Connection not available
[2026-04-03 17:51:27,588:run_diverse_configs.py#L115:INFO]: Running 10 configs for job_154
[2026-04-03 17:51:27,588:run_diverse_configs.py#L123:INFO]: Running config 1/10 for job_154
[2026-04-03 17:51:27,598:MySQL_Database.py#L239:INFO]: Transpiling workload from PostgreSQL to MySQL syntax...
[2026-04-03 17:51:27,872:run_diverse_configs.py#L194:ERROR]: Error running config 1 for job_154: MySQL Connection not available
[2026-04-03 17:51:27,945:run_diverse_configs.py#L123:INFO]: Running config 2/10 for job_154
[2026-04-03 17:51:27,945:MySQL_Database.py#L239:INFO]: Transpiling workload from PostgreSQL to MySQL syntax...
[2026-04-03 17:51:28,232:run_diverse_configs.py#L194:ERROR]: Error running config 2 for job_154: MySQL Connection not available
[2026-04-03 17:51:28,233:run_diverse_configs.py#L123:INFO]: Running config 3/10 for job_154
[2026-04-03 17:51:28,239:MySQL_Database.py#L239:INFO]: Transpiling workload from PostgreSQL to MySQL syntax...
[2026-04-03 17:51:28,616:run_diverse_configs.py#L194:ERROR]: Error running config 3 for job_154: MySQL Connection not available
[2026-04-03 17:51:28,624:run_diverse_configs.py#L123:INFO]: Running config 4/10 for job_154
[2026-04-03 17:51:28,634:MySQL_Database.py#L239:INFO]: Transpiling workload from PostgreSQL to MySQL syntax...
[2026-04-03 17:51:28,938:run_diverse_configs.py#L194:ERROR]: Error running config 4 for job_154: MySQL Connection not available
[2026-04-03 17:51:28,942:run_diverse_configs.py#L123:INFO]: Running config 5/10 for job_154
[2026-04-03 17:51:28,942:MySQL_Database.py#L239:INFO]: Transpiling workload from PostgreSQL to MySQL syntax...
[2026-04-03 17:51:29,155:run_diverse_configs.py#L194:ERROR]: Error running config 5 for job_154: MySQL Connection not available
[2026-04-03 17:51:29,156:run_diverse_configs.py#L123:INFO]: Running config 6/10 for job_154
[2026-04-03 17:51:29,156:MySQL_Database.py#L239:INFO]: Transpiling workload from PostgreSQL to MySQL syntax...
[2026-04-03 17:51:29,458:run_diverse_configs.py#L194:ERROR]: Error running config 6 for job_154: MySQL Connection not available
[2026-04-03 17:51:29,531:run_diverse_configs.py#L123:INFO]: Running config 7/10 for job_154
[2026-04-03 17:51:29,532:MySQL_Database.py#L239:INFO]: Transpiling workload from PostgreSQL to MySQL syntax...
[2026-04-03 17:51:29,820:run_diverse_configs.py#L194:ERROR]: Error running config 7 for job_154: MySQL Connection not available
[2026-04-03 17:51:29,872:run_diverse_configs.py#L123:INFO]: Running config 8/10 for job_154
[2026-04-03 17:51:29,872:MySQL_Database.py#L239:INFO]: Transpiling workload from PostgreSQL to MySQL syntax...
[2026-04-03 17:51:30,198:run_diverse_configs.py#L194:ERROR]: Error running config 8 for job_154: MySQL Connection not available
[2026-04-03 17:51:30,227:run_diverse_configs.py#L123:INFO]: Running config 9/10 for job_154
[2026-04-03 17:51:30,232:MySQL_Database.py#L239:INFO]: Transpiling workload from PostgreSQL to MySQL syntax...
[2026-04-03 17:51:30,571:run_diverse_configs.py#L194:ERROR]: Error running config 9 for job_154: MySQL Connection not available
[2026-04-03 17:51:30,634:run_diverse_configs.py#L123:INFO]: Running config 10/10 for job_154
[2026-04-03 17:51:30,634:MySQL_Database.py#L239:INFO]: Transpiling workload from PostgreSQL to MySQL syntax...
[2026-04-03 17:51:31,003:run_diverse_configs.py#L194:ERROR]: Error running config 10 for job_154: MySQL Connection not available
[2026-04-03 17:51:31,028:run_diverse_configs.py#L115:INFO]: Running 10 configs for job_51
[2026-04-03 17:51:31,029:run_diverse_configs.py#L123:INFO]: Running config 1/10 for job_51
[2026-04-03 17:51:31,050:MySQL_Database.py#L239:INFO]: Transpiling workload from PostgreSQL to MySQL syntax...
[2026-04-03 17:51:31,363:run_diverse_configs.py#L194:ERROR]: Error running config 1 for job_51: MySQL Connection not available
[2026-04-03 17:51:31,395:run_diverse_configs.py#L123:INFO]: Running config 2/10 for job_51
[2026-04-03 17:51:31,411:MySQL_Database.py#L239:INFO]: Transpiling workload from PostgreSQL to MySQL syntax...
[2026-04-03 17:51:31,618:run_diverse_configs.py#L194:ERROR]: Error running config 2 for job_51: MySQL Connection not available
[2026-04-03 17:51:31,619:run_diverse_configs.py#L123:INFO]: Running config 3/10 for job_51
[2026-04-03 17:51:31,624:MySQL_Database.py#L239:INFO]: Transpiling workload from PostgreSQL to MySQL syntax...
[2026-04-03 17:51:32,024:run_diverse_configs.py#L194:ERROR]: Error running config 3 for job_51: MySQL Connection not available
[2026-04-03 17:51:32,025:run_diverse_configs.py#L123:INFO]: Running config 4/10 for job_51
[2026-04-03 17:51:32,025:MySQL_Database.py#L239:INFO]: Transpiling workload from PostgreSQL to MySQL syntax...
[2026-04-03 17:51:32,415:run_diverse_configs.py#L194:ERROR]: Error running config 4 for job_51: MySQL Connection not available
[2026-04-03 17:51:32,465:run_diverse_configs.py#L123:INFO]: Running config 5/10 for job_51
[2026-04-03 17:51:32,465:MySQL_Database.py#L239:INFO]: Transpiling workload from PostgreSQL to MySQL syntax...
[2026-04-03 17:51:32,968:run_diverse_configs.py#L194:ERROR]: Error running config 5 for job_51: MySQL Connection not available
[2026-04-03 17:51:32,978:run_diverse_configs.py#L123:INFO]: Running config 6/10 for job_51
[2026-04-03 17:51:32,978:MySQL_Database.py#L239:INFO]: Transpiling workload from PostgreSQL to MySQL syntax...
[2026-04-03 17:51:33,330:run_diverse_configs.py#L194:ERROR]: Error running config 6 for job_51: MySQL Connection not available
[2026-04-03 17:51:33,354:run_diverse_configs.py#L123:INFO]: Running config 7/10 for job_51
[2026-04-03 17:51:33,400:MySQL_Database.py#L239:INFO]: Transpiling workload from PostgreSQL to MySQL syntax...
[2026-04-03 17:51:33,890:run_diverse_configs.py#L194:ERROR]: Error running config 7 for job_51: MySQL Connection not available
[2026-04-03 17:51:33,890:run_diverse_configs.py#L123:INFO]: Running config 8/10 for job_51
[2026-04-03 17:51:33,895:MySQL_Database.py#L239:INFO]: Transpiling workload from PostgreSQL to MySQL syntax...
[2026-04-03 17:51:34,267:run_diverse_configs.py#L194:ERROR]: Error running config 8 for job_51: MySQL Connection not available
[2026-04-03 17:51:34,267:run_diverse_configs.py#L123:INFO]: Running config 9/10 for job_51
[2026-04-03 17:51:34,345:MySQL_Database.py#L239:INFO]: Transpiling workload from PostgreSQL to MySQL syntax...
[2026-04-03 17:51:35,123:run_diverse_configs.py#L194:ERROR]: Error running config 9 for job_51: MySQL Connection not available
[2026-04-03 17:51:35,132:run_diverse_configs.py#L123:INFO]: Running config 10/10 for job_51
[2026-04-03 17:51:35,134:MySQL_Database.py#L239:INFO]: Transpiling workload from PostgreSQL to MySQL syntax...
[2026-04-03 17:51:35,170:run_diverse_configs.py#L194:ERROR]: Error running config 10 for job_51: MySQL Connection not available
[2026-04-03 17:51:35,175:run_diverse_configs.py#L115:INFO]: Running 10 configs for job_1
[2026-04-03 17:51:35,176:run_diverse_configs.py#L123:INFO]: Running config 1/10 for job_1
[2026-04-03 17:51:35,177:MySQL_Database.py#L239:INFO]: Transpiling workload from PostgreSQL to MySQL syntax...
[2026-04-03 17:51:35,185:run_diverse_configs.py#L194:ERROR]: Error running config 1 for job_1: MySQL Connection not available
[2026-04-03 17:51:35,189:run_diverse_configs.py#L123:INFO]: Running config 2/10 for job_1
[2026-04-03 17:51:35,189:MySQL_Database.py#L239:INFO]: Transpiling workload from PostgreSQL to MySQL syntax...
[2026-04-03 17:51:35,199:run_diverse_configs.py#L194:ERROR]: Error running config 2 for job_1: MySQL Connection not available
[2026-04-03 17:51:35,212:run_diverse_configs.py#L123:INFO]: Running config 3/10 for job_1
[2026-04-03 17:51:35,212:MySQL_Database.py#L239:INFO]: Transpiling workload from PostgreSQL to MySQL syntax...
[2026-04-03 17:51:35,223:run_diverse_configs.py#L194:ERROR]: Error running config 3 for job_1: MySQL Connection not available
[2026-04-03 17:51:35,228:run_diverse_configs.py#L123:INFO]: Running config 4/10 for job_1
[2026-04-03 17:51:35,229:MySQL_Database.py#L239:INFO]: Transpiling workload from PostgreSQL to MySQL syntax...
[2026-04-03 17:51:35,240:run_diverse_configs.py#L194:ERROR]: Error running config 4 for job_1: MySQL Connection not available
[2026-04-03 17:51:35,241:run_diverse_configs.py#L123:INFO]: Running config 5/10 for job_1
[2026-04-03 17:51:35,242:MySQL_Database.py#L239:INFO]: Transpiling workload from PostgreSQL to MySQL syntax...
[2026-04-03 17:51:35,255:run_diverse_configs.py#L194:ERROR]: Error running config 5 for job_1: MySQL Connection not available
[2026-04-03 17:51:35,256:run_diverse_configs.py#L123:INFO]: Running config 6/10 for job_1
[2026-04-03 17:51:35,257:MySQL_Database.py#L239:INFO]: Transpiling workload from PostgreSQL to MySQL syntax...
[2026-04-03 17:51:35,272:run_diverse_configs.py#L194:ERROR]: Error running config 6 for job_1: MySQL Connection not available
[2026-04-03 17:51:35,273:run_diverse_configs.py#L123:INFO]: Running config 7/10 for job_1
[2026-04-03 17:51:35,274:MySQL_Database.py#L239:INFO]: Transpiling workload from PostgreSQL to MySQL syntax...
[2026-04-03 17:51:35,287:run_diverse_configs.py#L194:ERROR]: Error running config 7 for job_1: MySQL Connection not available
[2026-04-03 17:51:35,288:run_diverse_configs.py#L123:INFO]: Running config 8/10 for job_1
[2026-04-03 17:51:35,288:MySQL_Database.py#L239:INFO]: Transpiling workload from PostgreSQL to MySQL syntax...
[2026-04-03 17:51:35,313:run_diverse_configs.py#L194:ERROR]: Error running config 8 for job_1: MySQL Connection not available
[2026-04-03 17:51:35,317:run_diverse_configs.py#L123:INFO]: Running config 9/10 for job_1
[2026-04-03 17:51:35,317:MySQL_Database.py#L239:INFO]: Transpiling workload from PostgreSQL to MySQL syntax...
[2026-04-03 17:51:35,352:run_diverse_configs.py#L194:ERROR]: Error running config 9 for job_1: MySQL Connection not available
[2026-04-03 17:51:35,356:run_diverse_configs.py#L123:INFO]: Running config 10/10 for job_1
[2026-04-03 17:51:35,356:MySQL_Database.py#L239:INFO]: Transpiling workload from PostgreSQL to MySQL syntax...
[2026-04-03 17:51:35,406:run_diverse_configs.py#L194:ERROR]: Error running config 10 for job_1: MySQL Connection not available
[2026-04-03 17:51:35,415:run_diverse_configs.py#L115:INFO]: Running 10 configs for job_7
[2026-04-03 17:51:35,416:run_diverse_configs.py#L123:INFO]: Running config 1/10 for job_7
[2026-04-03 17:51:35,420:MySQL_Database.py#L239:INFO]: Transpiling workload from PostgreSQL to MySQL syntax...
[2026-04-03 17:51:35,637:run_diverse_configs.py#L194:ERROR]: Error running config 1 for job_7: MySQL Connection not available
[2026-04-03 17:51:35,672:run_diverse_configs.py#L123:INFO]: Running config 2/10 for job_7
[2026-04-03 17:51:35,672:MySQL_Database.py#L239:INFO]: Transpiling workload from PostgreSQL to MySQL syntax...
[2026-04-03 17:51:36,063:run_diverse_configs.py#L194:ERROR]: Error running config 2 for job_7: MySQL Connection not available
[2026-04-03 17:51:36,068:run_diverse_configs.py#L123:INFO]: Running config 3/10 for job_7
[2026-04-03 17:51:36,074:MySQL_Database.py#L239:INFO]: Transpiling workload from PostgreSQL to MySQL syntax...
[2026-04-03 17:51:36,547:run_diverse_configs.py#L194:ERROR]: Error running config 3 for job_7: MySQL Connection not available
[2026-04-03 17:51:36,548:run_diverse_configs.py#L123:INFO]: Running config 4/10 for job_7
[2026-04-03 17:51:36,553:MySQL_Database.py#L239:INFO]: Transpiling workload from PostgreSQL to MySQL syntax...
[2026-04-03 17:51:37,090:run_diverse_configs.py#L194:ERROR]: Error running config 4 for job_7: MySQL Connection not available
[2026-04-03 17:51:37,126:run_diverse_configs.py#L123:INFO]: Running config 5/10 for job_7
[2026-04-03 17:51:37,126:MySQL_Database.py#L239:INFO]: Transpiling workload from PostgreSQL to MySQL syntax...
[2026-04-03 17:51:37,558:run_diverse_configs.py#L194:ERROR]: Error running config 5 for job_7: MySQL Connection not available
[2026-04-03 17:51:37,560:run_diverse_configs.py#L123:INFO]: Running config 6/10 for job_7
[2026-04-03 17:51:37,560:MySQL_Database.py#L239:INFO]: Transpiling workload from PostgreSQL to MySQL syntax...
[2026-04-03 17:51:38,110:run_diverse_configs.py#L194:ERROR]: Error running config 6 for job_7: MySQL Connection not available
[2026-04-03 17:51:38,111:run_diverse_configs.py#L123:INFO]: Running config 7/10 for job_7
[2026-04-03 17:51:38,112:MySQL_Database.py#L239:INFO]: Transpiling workload from PostgreSQL to MySQL syntax...
[2026-04-03 17:51:38,561:run_diverse_configs.py#L194:ERROR]: Error running config 7 for job_7: MySQL Connection not available
[2026-04-03 17:51:38,622:run_diverse_configs.py#L123:INFO]: Running config 8/10 for job_7
[2026-04-03 17:51:38,622:MySQL_Database.py#L239:INFO]: Transpiling workload from PostgreSQL to MySQL syntax...
[2026-04-03 17:51:39,181:run_diverse_configs.py#L194:ERROR]: Error running config 8 for job_7: MySQL Connection not available
[2026-04-03 17:51:39,196:run_diverse_configs.py#L123:INFO]: Running config 9/10 for job_7
[2026-04-03 17:51:39,201:MySQL_Database.py#L239:INFO]: Transpiling workload from PostgreSQL to MySQL syntax...
[2026-04-03 17:51:39,715:run_diverse_configs.py#L194:ERROR]: Error running config 9 for job_7: MySQL Connection not available
[2026-04-03 17:51:39,716:run_diverse_configs.py#L123:INFO]: Running config 10/10 for job_7
[2026-04-03 17:51:39,736:MySQL_Database.py#L239:INFO]: Transpiling workload from PostgreSQL to MySQL syntax...
[2026-04-03 17:51:40,007:run_diverse_configs.py#L194:ERROR]: Error running config 10 for job_7: MySQL Connection not available
[2026-04-03 17:51:40,032:run_diverse_configs.py#L115:INFO]: Running 10 configs for job_8
[2026-04-03 17:51:40,033:run_diverse_configs.py#L123:INFO]: Running config 1/10 for job_8
[2026-04-03 17:51:40,042:MySQL_Database.py#L239:INFO]: Transpiling workload from PostgreSQL to MySQL syntax...
[2026-04-03 17:51:40,536:run_diverse_configs.py#L194:ERROR]: Error running config 1 for job_8: MySQL Connection not available
[2026-04-03 17:51:40,546:run_diverse_configs.py#L123:INFO]: Running config 2/10 for job_8
[2026-04-03 17:51:40,561:MySQL_Database.py#L239:INFO]: Transpiling workload from PostgreSQL to MySQL syntax...
[2026-04-03 17:51:41,073:run_diverse_configs.py#L194:ERROR]: Error running config 2 for job_8: MySQL Connection not available
[2026-04-03 17:51:41,073:run_diverse_configs.py#L123:INFO]: Running config 3/10 for job_8
[2026-04-03 17:51:41,074:MySQL_Database.py#L239:INFO]: Transpiling workload from PostgreSQL to MySQL syntax...
[2026-04-03 17:51:41,827:run_diverse_configs.py#L194:ERROR]: Error running config 3 for job_8: MySQL Connection not available
[2026-04-03 17:51:41,827:run_diverse_configs.py#L123:INFO]: Running config 4/10 for job_8
[2026-04-03 17:51:41,828:MySQL_Database.py#L239:INFO]: Transpiling workload from PostgreSQL to MySQL syntax...
[2026-04-03 17:51:42,444:run_diverse_configs.py#L194:ERROR]: Error running config 4 for job_8: MySQL Connection not available
[2026-04-03 17:51:42,473:run_diverse_configs.py#L123:INFO]: Running config 5/10 for job_8
[2026-04-03 17:51:42,474:MySQL_Database.py#L239:INFO]: Transpiling workload from PostgreSQL to MySQL syntax...
[2026-04-03 17:51:43,068:run_diverse_configs.py#L194:ERROR]: Error running config 5 for job_8: MySQL Connection not available
[2026-04-03 17:51:43,072:run_diverse_configs.py#L123:INFO]: Running config 6/10 for job_8
[2026-04-03 17:51:43,073:MySQL_Database.py#L239:INFO]: Transpiling workload from PostgreSQL to MySQL syntax...
[2026-04-03 17:51:43,748:run_diverse_configs.py#L194:ERROR]: Error running config 6 for job_8: MySQL Connection not available
[2026-04-03 17:51:43,762:run_diverse_configs.py#L123:INFO]: Running config 7/10 for job_8
[2026-04-03 17:51:43,763:MySQL_Database.py#L239:INFO]: Transpiling workload from PostgreSQL to MySQL syntax...
[2026-04-03 17:51:44,441:run_diverse_configs.py#L194:ERROR]: Error running config 7 for job_8: MySQL Connection not available
[2026-04-03 17:51:44,452:run_diverse_configs.py#L123:INFO]: Running config 8/10 for job_8
[2026-04-03 17:51:44,453:MySQL_Database.py#L239:INFO]: Transpiling workload from PostgreSQL to MySQL syntax...
[2026-04-03 17:51:45,237:run_diverse_configs.py#L194:ERROR]: Error running config 8 for job_8: MySQL Connection not available
[2026-04-03 17:51:45,237:run_diverse_configs.py#L123:INFO]: Running config 9/10 for job_8
[2026-04-03 17:51:45,238:MySQL_Database.py#L239:INFO]: Transpiling workload from PostgreSQL to MySQL syntax...
[2026-04-03 17:51:46,149:run_diverse_configs.py#L194:ERROR]: Error running config 9 for job_8: MySQL Connection not available
[2026-04-03 17:51:46,149:run_diverse_configs.py#L123:INFO]: Running config 10/10 for job_8
[2026-04-03 17:51:46,150:MySQL_Database.py#L239:INFO]: Transpiling workload from PostgreSQL to MySQL syntax...
