[2026-01-27 09:41:15,870:main.py#L28:INFO]: ====================================================================================================
[2026-01-27 09:41:15,870:main.py#L29:INFO]: E2ETune: End-to-End Database Tuning System
[2026-01-27 09:41:15,870:main.py#L30:INFO]: ====================================================================================================
[2026-01-27 09:41:15,870:main.py#L31:INFO]: Configuration file: config/config.ini
[2026-01-27 09:41:15,870:main.py#L32:INFO]: Host: localhost
[2026-01-27 09:41:15,870:main.py#L33:INFO]: Database: imdb
[2026-01-27 09:41:15,870:main.py#L34:INFO]: Data Path: /var/lib/postgresql/12/main
[2026-01-27 09:41:15,870:main.py#L35:INFO]: Benchmark: job
[2026-01-27 09:41:15,870:main.py#L36:INFO]: Workload Path: ./olap_workloads
[2026-01-27 09:41:15,870:main.py#L37:INFO]: ====================================================================================================
[2026-01-27 09:41:15,873:main.py#L63:INFO]: Found 244 workloads matching prefix 'job'
[2026-01-27 09:41:15,873:main.py#L71:INFO]: Found 134 completed workload records in: logs/performance_record
[2026-01-27 09:41:15,873:main.py#L79:INFO]: Processing first 13 of 244 workloads
[2026-01-27 09:41:15,873:main.py#L95:INFO]: [Workload 0/244] Skipping already completed: job_0.wg
[2026-01-27 09:41:15,873:main.py#L95:INFO]: [Workload 1/244] Skipping already completed: job_1.wg
[2026-01-27 09:41:15,873:main.py#L95:INFO]: [Workload 2/244] Skipping already completed: job_2.wg
[2026-01-27 09:41:15,873:main.py#L95:INFO]: [Workload 3/244] Skipping already completed: job_3.wg
[2026-01-27 09:41:15,873:main.py#L95:INFO]: [Workload 4/244] Skipping already completed: job_4.wg
[2026-01-27 09:41:15,873:main.py#L95:INFO]: [Workload 5/244] Skipping already completed: job_5.wg
[2026-01-27 09:41:15,874:main.py#L95:INFO]: [Workload 6/244] Skipping already completed: job_6.wg
[2026-01-27 09:41:15,874:main.py#L95:INFO]: [Workload 7/244] Skipping already completed: job_7.wg
[2026-01-27 09:41:15,874:main.py#L95:INFO]: [Workload 8/244] Skipping already completed: job_8.wg
[2026-01-27 09:41:15,874:main.py#L95:INFO]: [Workload 9/244] Skipping already completed: job_9.wg
[2026-01-27 09:41:15,874:main.py#L95:INFO]: [Workload 10/244] Skipping already completed: job_10.wg
[2026-01-27 09:41:15,874:main.py#L95:INFO]: [Workload 11/244] Skipping already completed: job_11.wg
[2026-01-27 09:41:15,874:main.py#L95:INFO]: [Workload 12/244] Skipping already completed: job_12.wg
[2026-01-27 09:41:15,874:main.py#L152:INFO]: ----------------------------------------------------------------------------------------------------
[2026-01-27 09:41:15,874:main.py#L153:INFO]: [Workload 13/244] Starting tuning for: job_13.wg with surrogate
[2026-01-27 09:41:15,874:main.py#L156:INFO]: ----------------------------------------------------------------------------------------------------
