[2026-01-08 16:09:08,966:main.py#L25:INFO]: ====================================================================================================
[2026-01-08 16:09:08,966:main.py#L26:INFO]: E2ETune: End-to-End Database Tuning System
[2026-01-08 16:09:08,966:main.py#L27:INFO]: ====================================================================================================
[2026-01-08 16:09:08,966:main.py#L28:INFO]: Configuration file: config/config.ini
[2026-01-08 16:09:08,966:main.py#L29:INFO]: Host: localhost
[2026-01-08 16:09:08,966:main.py#L30:INFO]: Database: tpcc
[2026-01-08 16:09:08,966:main.py#L31:INFO]: Data Path: /var/lib/postgresql/12/main
[2026-01-08 16:09:08,967:main.py#L32:INFO]: Benchmark: twitter
[2026-01-08 16:09:08,967:main.py#L33:INFO]: Workload Path: ./oltp_workloads/twitter/
[2026-01-08 16:09:08,967:main.py#L34:INFO]: ====================================================================================================
[2026-01-08 16:09:08,968:main.py#L54:INFO]: Found 201 workloads matching prefix 'twitter'
[2026-01-08 16:09:08,968:main.py#L60:INFO]: Found 78 completed workload records in: logs/performance_record
[2026-01-08 16:09:08,969:main.py#L68:INFO]: Processing first 13 of 201 workloads
[2026-01-08 16:09:08,969:main.py#L87:INFO]: ----------------------------------------------------------------------------------------------------
[2026-01-08 16:09:08,969:main.py#L88:INFO]: [Workload 1/13] Starting tuning for: sample_twitter_config0.xml
[2026-01-08 16:09:08,969:main.py#L89:INFO]: ----------------------------------------------------------------------------------------------------
[2026-01-08 17:35:40,390:main.py#L94:INFO]: [Workload 1/13] Successfully completed tuning for: sample_twitter_config0.xml
[2026-01-08 17:35:40,390:main.py#L87:INFO]: ----------------------------------------------------------------------------------------------------
[2026-01-08 17:35:40,390:main.py#L88:INFO]: [Workload 2/13] Starting tuning for: sample_twitter_config1.xml
[2026-01-08 17:35:40,390:main.py#L89:INFO]: ----------------------------------------------------------------------------------------------------
[2026-01-08 19:03:25,457:main.py#L94:INFO]: [Workload 2/13] Successfully completed tuning for: sample_twitter_config1.xml
[2026-01-08 19:03:25,457:main.py#L87:INFO]: ----------------------------------------------------------------------------------------------------
[2026-01-08 19:03:25,457:main.py#L88:INFO]: [Workload 3/13] Starting tuning for: sample_twitter_config2.xml
[2026-01-08 19:03:25,457:main.py#L89:INFO]: ----------------------------------------------------------------------------------------------------
[2026-01-08 20:30:11,201:main.py#L94:INFO]: [Workload 3/13] Successfully completed tuning for: sample_twitter_config2.xml
[2026-01-08 20:30:11,201:main.py#L87:INFO]: ----------------------------------------------------------------------------------------------------
[2026-01-08 20:30:11,201:main.py#L88:INFO]: [Workload 4/13] Starting tuning for: sample_twitter_config3.xml
[2026-01-08 20:30:11,201:main.py#L89:INFO]: ----------------------------------------------------------------------------------------------------
[2026-01-08 21:57:18,255:main.py#L94:INFO]: [Workload 4/13] Successfully completed tuning for: sample_twitter_config3.xml
[2026-01-08 21:57:18,255:main.py#L87:INFO]: ----------------------------------------------------------------------------------------------------
[2026-01-08 21:57:18,256:main.py#L88:INFO]: [Workload 5/13] Starting tuning for: sample_twitter_config4.xml
[2026-01-08 21:57:18,256:main.py#L89:INFO]: ----------------------------------------------------------------------------------------------------
[2026-01-08 23:24:40,372:main.py#L94:INFO]: [Workload 5/13] Successfully completed tuning for: sample_twitter_config4.xml
[2026-01-08 23:24:40,372:main.py#L87:INFO]: ----------------------------------------------------------------------------------------------------
[2026-01-08 23:24:40,372:main.py#L88:INFO]: [Workload 6/13] Starting tuning for: sample_twitter_config5.xml
[2026-01-08 23:24:40,372:main.py#L89:INFO]: ----------------------------------------------------------------------------------------------------
[2026-01-09 00:51:47,878:main.py#L94:INFO]: [Workload 6/13] Successfully completed tuning for: sample_twitter_config5.xml
[2026-01-09 00:51:47,879:main.py#L87:INFO]: ----------------------------------------------------------------------------------------------------
[2026-01-09 00:51:47,879:main.py#L88:INFO]: [Workload 7/13] Starting tuning for: sample_twitter_config6.xml
[2026-01-09 00:51:47,879:main.py#L89:INFO]: ----------------------------------------------------------------------------------------------------
[2026-01-09 02:18:12,420:main.py#L94:INFO]: [Workload 7/13] Successfully completed tuning for: sample_twitter_config6.xml
[2026-01-09 02:18:12,420:main.py#L87:INFO]: ----------------------------------------------------------------------------------------------------
[2026-01-09 02:18:12,421:main.py#L88:INFO]: [Workload 8/13] Starting tuning for: sample_twitter_config7.xml
[2026-01-09 02:18:12,421:main.py#L89:INFO]: ----------------------------------------------------------------------------------------------------
[2026-01-09 03:46:21,934:main.py#L94:INFO]: [Workload 8/13] Successfully completed tuning for: sample_twitter_config7.xml
[2026-01-09 03:46:21,934:main.py#L87:INFO]: ----------------------------------------------------------------------------------------------------
[2026-01-09 03:46:21,934:main.py#L88:INFO]: [Workload 9/13] Starting tuning for: sample_twitter_config8.xml
[2026-01-09 03:46:21,934:main.py#L89:INFO]: ----------------------------------------------------------------------------------------------------
[2026-01-09 05:14:39,670:main.py#L94:INFO]: [Workload 9/13] Successfully completed tuning for: sample_twitter_config8.xml
[2026-01-09 05:14:39,670:main.py#L87:INFO]: ----------------------------------------------------------------------------------------------------
[2026-01-09 05:14:39,670:main.py#L88:INFO]: [Workload 10/13] Starting tuning for: sample_twitter_config9.xml
[2026-01-09 05:14:39,670:main.py#L89:INFO]: ----------------------------------------------------------------------------------------------------
[2026-01-09 06:41:50,538:main.py#L94:INFO]: [Workload 10/13] Successfully completed tuning for: sample_twitter_config9.xml
[2026-01-09 06:41:50,538:main.py#L87:INFO]: ----------------------------------------------------------------------------------------------------
[2026-01-09 06:41:50,538:main.py#L88:INFO]: [Workload 11/13] Starting tuning for: sample_twitter_config10.xml
[2026-01-09 06:41:50,538:main.py#L89:INFO]: ----------------------------------------------------------------------------------------------------
[2026-01-09 08:09:07,128:main.py#L94:INFO]: [Workload 11/13] Successfully completed tuning for: sample_twitter_config10.xml
[2026-01-09 08:09:07,128:main.py#L87:INFO]: ----------------------------------------------------------------------------------------------------
[2026-01-09 08:09:07,128:main.py#L88:INFO]: [Workload 12/13] Starting tuning for: sample_twitter_config11.xml
[2026-01-09 08:09:07,128:main.py#L89:INFO]: ----------------------------------------------------------------------------------------------------
[2026-01-09 09:37:22,236:main.py#L94:INFO]: [Workload 12/13] Successfully completed tuning for: sample_twitter_config11.xml
[2026-01-09 09:37:22,236:main.py#L87:INFO]: ----------------------------------------------------------------------------------------------------
[2026-01-09 09:37:22,236:main.py#L88:INFO]: [Workload 13/13] Starting tuning for: sample_twitter_config12.xml
[2026-01-09 09:37:22,236:main.py#L89:INFO]: ----------------------------------------------------------------------------------------------------
[2026-01-09 11:04:26,129:main.py#L94:INFO]: [Workload 13/13] Successfully completed tuning for: sample_twitter_config12.xml
[2026-01-09 11:04:26,129:main.py#L109:INFO]: ====================================================================================================
[2026-01-09 11:04:26,129:main.py#L110:INFO]: TUNING SUMMARY
[2026-01-09 11:04:26,129:main.py#L111:INFO]: ====================================================================================================
[2026-01-09 11:04:26,129:main.py#L112:INFO]: Total workloads processed: 13
[2026-01-09 11:04:26,129:main.py#L113:INFO]: Successfully tuned: 13
[2026-01-09 11:04:26,129:main.py#L114:INFO]: Skipped (already completed): 0
[2026-01-09 11:04:26,129:main.py#L115:INFO]: Failed: 0
[2026-01-09 11:04:26,129:main.py#L116:INFO]: ====================================================================================================
[2026-01-09 11:04:26,129:main.py#L117:INFO]: E2ETune session completed
[2026-01-09 11:04:26,129:main.py#L118:INFO]: ====================================================================================================
