[2026-01-27 07:26:08,166:main.py#L29:INFO]: ====================================================================================================
[2026-01-27 07:26:08,166:main.py#L30:INFO]: E2ETune: End-to-End Database Tuning System
[2026-01-27 07:26:08,166:main.py#L31:INFO]: ====================================================================================================
[2026-01-27 07:26:08,166:main.py#L32:INFO]: Configuration file: config/config.ini
[2026-01-27 07:26:08,166:main.py#L33:INFO]: Host: localhost
[2026-01-27 07:26:08,166:main.py#L34:INFO]: Database: imdb
[2026-01-27 07:26:08,166:main.py#L35:INFO]: Data Path: /var/lib/postgresql/12/main
[2026-01-27 07:26:08,166:main.py#L36:INFO]: Benchmark: job
[2026-01-27 07:26:08,166:main.py#L37:INFO]: Workload Path: ./olap_workloads
[2026-01-27 07:26:08,166:main.py#L38:INFO]: ====================================================================================================
[2026-01-27 07:26:08,169:main.py#L64:INFO]: Found 244 workloads matching prefix 'job'
[2026-01-27 07:26:08,169:main.py#L72:INFO]: Found 117 completed workload records in: logs/performance_record
[2026-01-27 07:26:08,170:main.py#L80:INFO]: Processing first 13 of 244 workloads
[2026-01-27 07:26:08,170:main.py#L96:INFO]: [Workload 0/244] Skipping already completed: job_0.wg
[2026-01-27 07:26:08,170:main.py#L96:INFO]: [Workload 1/244] Skipping already completed: job_1.wg
[2026-01-27 07:26:08,170:main.py#L96:INFO]: [Workload 2/244] Skipping already completed: job_2.wg
[2026-01-27 07:26:08,170:main.py#L96:INFO]: [Workload 3/244] Skipping already completed: job_3.wg
[2026-01-27 07:26:08,170:main.py#L96:INFO]: [Workload 4/244] Skipping already completed: job_4.wg
[2026-01-27 07:26:08,170:main.py#L96:INFO]: [Workload 5/244] Skipping already completed: job_5.wg
[2026-01-27 07:26:08,170:main.py#L96:INFO]: [Workload 6/244] Skipping already completed: job_6.wg
[2026-01-27 07:26:08,170:main.py#L96:INFO]: [Workload 7/244] Skipping already completed: job_7.wg
[2026-01-27 07:26:08,170:main.py#L96:INFO]: [Workload 8/244] Skipping already completed: job_8.wg
[2026-01-27 07:26:08,170:main.py#L96:INFO]: [Workload 9/244] Skipping already completed: job_9.wg
[2026-01-27 07:26:08,170:main.py#L96:INFO]: [Workload 10/244] Skipping already completed: job_10.wg
[2026-01-27 07:26:08,170:main.py#L96:INFO]: [Workload 11/244] Skipping already completed: job_11.wg
[2026-01-27 07:26:08,170:main.py#L96:INFO]: [Workload 12/244] Skipping already completed: job_12.wg
[2026-01-27 07:26:08,173:main.py#L161:INFO]: ----------------------------------------------------------------------------------------------------
[2026-01-27 07:26:08,173:main.py#L162:INFO]: [Workload 13/244] Starting tuning for: job_13.wg with surrogate
[2026-01-27 07:26:08,173:main.py#L165:INFO]: ----------------------------------------------------------------------------------------------------
[2026-01-27 07:29:17,500:main.py#L175:ERROR]: [Workload 13/244] Error tuning job_13.wg with surrogate: [Errno 2] No such file or directory: 'surrogate/best_r2_model.pkl'
Traceback (most recent call last):
  File "/home/E2ETune-AI4DB/main.py", line 167, in <module>
    run_tuning(args, True)
  File "/home/E2ETune-AI4DB/tuner.py", line 45, in run_tuning
    best_config = tuner_instance.tune()
  File "/home/E2ETune-AI4DB/tuner.py", line 116, in tune
    return self._hebo(self.workload_file)
  File "/home/E2ETune-AI4DB/tuner.py", line 382, in _hebo
    default_perf = self.stress_tester.test_config(default_config, iteration=0)
  File "/home/E2ETune-AI4DB/stress_testing_tool.py", line 86, in test_config
    y = self._test_by_surrogate(cur_state, self.benchmark_config['workload_path'],
  File "/home/E2ETune-AI4DB/stress_testing_tool.py", line 144, in _test_by_surrogate
    sg = Surrogate(sur_config, workload_path)
  File "/home/E2ETune-AI4DB/tuning_utils/surrogate.py", line 10, in __init__
    self.model = joblib.load(sur_config['model_path'])
  File "/home/E2ETune-AI4DB/venv/lib/python3.10/site-packages/joblib/numpy_pickle.py", line 735, in load
    with open(filename, "rb") as f:
FileNotFoundError: [Errno 2] No such file or directory: 'surrogate/best_r2_model.pkl'
[2026-01-27 07:29:17,503:main.py#L161:INFO]: ----------------------------------------------------------------------------------------------------
[2026-01-27 07:29:17,503:main.py#L162:INFO]: [Workload 14/244] Starting tuning for: job_14.wg with surrogate
[2026-01-27 07:29:17,503:main.py#L165:INFO]: ----------------------------------------------------------------------------------------------------
[2026-01-27 07:29:39,240:main.py#L175:ERROR]: [Workload 14/244] Error tuning job_14.wg with surrogate: [Errno 2] No such file or directory: 'surrogate/best_r2_model.pkl'
Traceback (most recent call last):
  File "/home/E2ETune-AI4DB/main.py", line 167, in <module>
    run_tuning(args, True)
  File "/home/E2ETune-AI4DB/tuner.py", line 45, in run_tuning
    best_config = tuner_instance.tune()
  File "/home/E2ETune-AI4DB/tuner.py", line 116, in tune
    return self._hebo(self.workload_file)
  File "/home/E2ETune-AI4DB/tuner.py", line 382, in _hebo
    default_perf = self.stress_tester.test_config(default_config, iteration=0)
  File "/home/E2ETune-AI4DB/stress_testing_tool.py", line 86, in test_config
    y = self._test_by_surrogate(cur_state, self.benchmark_config['workload_path'],
  File "/home/E2ETune-AI4DB/stress_testing_tool.py", line 144, in _test_by_surrogate
    sg = Surrogate(sur_config, workload_path)
  File "/home/E2ETune-AI4DB/tuning_utils/surrogate.py", line 10, in __init__
    self.model = joblib.load(sur_config['model_path'])
  File "/home/E2ETune-AI4DB/venv/lib/python3.10/site-packages/joblib/numpy_pickle.py", line 735, in load
    with open(filename, "rb") as f:
FileNotFoundError: [Errno 2] No such file or directory: 'surrogate/best_r2_model.pkl'
[2026-01-27 07:29:39,243:main.py#L161:INFO]: ----------------------------------------------------------------------------------------------------
[2026-01-27 07:29:39,244:main.py#L162:INFO]: [Workload 15/244] Starting tuning for: job_15.wg with surrogate
[2026-01-27 07:29:39,244:main.py#L165:INFO]: ----------------------------------------------------------------------------------------------------
