[2026-01-27 07:24:56,971:main.py#L29:INFO]: ====================================================================================================
[2026-01-27 07:24:56,971:main.py#L30:INFO]: E2ETune: End-to-End Database Tuning System
[2026-01-27 07:24:56,971:main.py#L31:INFO]: ====================================================================================================
[2026-01-27 07:24:56,971:main.py#L32:INFO]: Configuration file: config/config.ini
[2026-01-27 07:24:56,971:main.py#L33:INFO]: Host: localhost
[2026-01-27 07:24:56,971:main.py#L34:INFO]: Database: imdb
[2026-01-27 07:24:56,971:main.py#L35:INFO]: Data Path: /var/lib/postgresql/12/main
[2026-01-27 07:24:56,971:main.py#L36:INFO]: Benchmark: job
[2026-01-27 07:24:56,971:main.py#L37:INFO]: Workload Path: ./olap_workloads
[2026-01-27 07:24:56,971:main.py#L38:INFO]: ====================================================================================================
[2026-01-27 07:24:56,973:main.py#L64:INFO]: Found 244 workloads matching prefix 'job'
[2026-01-27 07:24:56,974:main.py#L72:INFO]: Found 117 completed workload records in: logs/performance_record
[2026-01-27 07:24:56,974:main.py#L80:INFO]: Processing first 13 of 244 workloads
[2026-01-27 07:24:56,974:main.py#L96:INFO]: [Workload 0/244] Skipping already completed: job_0.wg
[2026-01-27 07:24:56,974:main.py#L96:INFO]: [Workload 1/244] Skipping already completed: job_1.wg
[2026-01-27 07:24:56,974:main.py#L96:INFO]: [Workload 2/244] Skipping already completed: job_2.wg
[2026-01-27 07:24:56,974:main.py#L96:INFO]: [Workload 3/244] Skipping already completed: job_3.wg
[2026-01-27 07:24:56,974:main.py#L96:INFO]: [Workload 4/244] Skipping already completed: job_4.wg
[2026-01-27 07:24:56,974:main.py#L96:INFO]: [Workload 5/244] Skipping already completed: job_5.wg
[2026-01-27 07:24:56,974:main.py#L96:INFO]: [Workload 6/244] Skipping already completed: job_6.wg
[2026-01-27 07:24:56,974:main.py#L96:INFO]: [Workload 7/244] Skipping already completed: job_7.wg
[2026-01-27 07:24:56,974:main.py#L96:INFO]: [Workload 8/244] Skipping already completed: job_8.wg
[2026-01-27 07:24:56,974:main.py#L96:INFO]: [Workload 9/244] Skipping already completed: job_9.wg
[2026-01-27 07:24:56,974:main.py#L96:INFO]: [Workload 10/244] Skipping already completed: job_10.wg
[2026-01-27 07:24:56,974:main.py#L96:INFO]: [Workload 11/244] Skipping already completed: job_11.wg
[2026-01-27 07:24:56,974:main.py#L96:INFO]: [Workload 12/244] Skipping already completed: job_12.wg
