[2026-01-13 08:25:11,786:main.py#L25:INFO]: ====================================================================================================
[2026-01-13 08:25:11,786:main.py#L26:INFO]: E2ETune: End-to-End Database Tuning System
[2026-01-13 08:25:11,786:main.py#L27:INFO]: ====================================================================================================
[2026-01-13 08:25:11,786:main.py#L28:INFO]: Configuration file: config/config.ini
[2026-01-13 08:25:11,786:main.py#L29:INFO]: Host: localhost
[2026-01-13 08:25:11,786:main.py#L30:INFO]: Database: tpcc
[2026-01-13 08:25:11,787:main.py#L31:INFO]: Data Path: /var/lib/postgresql/12/main
[2026-01-13 08:25:11,787:main.py#L32:INFO]: Benchmark: ycsb
[2026-01-13 08:25:11,787:main.py#L33:INFO]: Workload Path: ./oltp_workloads/ycsb/
[2026-01-13 08:25:11,787:main.py#L34:INFO]: ====================================================================================================
[2026-01-13 08:25:11,788:main.py#L54:INFO]: Found 201 workloads matching prefix 'ycsb'
[2026-01-13 08:25:11,788:main.py#L60:INFO]: Found 104 completed workload records in: logs/performance_record
[2026-01-13 08:25:11,788:main.py#L68:INFO]: Processing first 13 of 201 workloads
[2026-01-13 08:25:11,788:main.py#L87:INFO]: ----------------------------------------------------------------------------------------------------
[2026-01-13 08:25:11,788:main.py#L88:INFO]: [Workload 1/13] Starting tuning for: sample_ycsb_config0.xml
[2026-01-13 08:25:11,788:main.py#L89:INFO]: ----------------------------------------------------------------------------------------------------
[2026-01-13 09:51:01,746:main.py#L94:INFO]: [Workload 1/13] Successfully completed tuning for: sample_ycsb_config0.xml
[2026-01-13 09:51:01,747:main.py#L87:INFO]: ----------------------------------------------------------------------------------------------------
[2026-01-13 09:51:01,747:main.py#L88:INFO]: [Workload 2/13] Starting tuning for: sample_ycsb_config1.xml
[2026-01-13 09:51:01,747:main.py#L89:INFO]: ----------------------------------------------------------------------------------------------------
[2026-01-13 11:17:39,372:main.py#L94:INFO]: [Workload 2/13] Successfully completed tuning for: sample_ycsb_config1.xml
[2026-01-13 11:17:39,372:main.py#L87:INFO]: ----------------------------------------------------------------------------------------------------
[2026-01-13 11:17:39,372:main.py#L88:INFO]: [Workload 3/13] Starting tuning for: sample_ycsb_config2.xml
[2026-01-13 11:17:39,372:main.py#L89:INFO]: ----------------------------------------------------------------------------------------------------
[2026-01-13 12:41:51,214:main.py#L94:INFO]: [Workload 3/13] Successfully completed tuning for: sample_ycsb_config2.xml
[2026-01-13 12:41:51,214:main.py#L87:INFO]: ----------------------------------------------------------------------------------------------------
[2026-01-13 12:41:51,214:main.py#L88:INFO]: [Workload 4/13] Starting tuning for: sample_ycsb_config3.xml
[2026-01-13 12:41:51,214:main.py#L89:INFO]: ----------------------------------------------------------------------------------------------------
[2026-01-13 14:08:30,127:main.py#L94:INFO]: [Workload 4/13] Successfully completed tuning for: sample_ycsb_config3.xml
[2026-01-13 14:08:30,127:main.py#L87:INFO]: ----------------------------------------------------------------------------------------------------
[2026-01-13 14:08:30,127:main.py#L88:INFO]: [Workload 5/13] Starting tuning for: sample_ycsb_config4.xml
[2026-01-13 14:08:30,127:main.py#L89:INFO]: ----------------------------------------------------------------------------------------------------
[2026-01-13 15:35:15,219:main.py#L94:INFO]: [Workload 5/13] Successfully completed tuning for: sample_ycsb_config4.xml
[2026-01-13 15:35:15,219:main.py#L87:INFO]: ----------------------------------------------------------------------------------------------------
[2026-01-13 15:35:15,219:main.py#L88:INFO]: [Workload 6/13] Starting tuning for: sample_ycsb_config5.xml
[2026-01-13 15:35:15,219:main.py#L89:INFO]: ----------------------------------------------------------------------------------------------------
[2026-01-13 16:59:56,799:main.py#L94:INFO]: [Workload 6/13] Successfully completed tuning for: sample_ycsb_config5.xml
[2026-01-13 16:59:56,799:main.py#L87:INFO]: ----------------------------------------------------------------------------------------------------
[2026-01-13 16:59:56,799:main.py#L88:INFO]: [Workload 7/13] Starting tuning for: sample_ycsb_config6.xml
[2026-01-13 16:59:56,799:main.py#L89:INFO]: ----------------------------------------------------------------------------------------------------
[2026-01-13 18:25:59,387:main.py#L94:INFO]: [Workload 7/13] Successfully completed tuning for: sample_ycsb_config6.xml
[2026-01-13 18:25:59,387:main.py#L87:INFO]: ----------------------------------------------------------------------------------------------------
[2026-01-13 18:25:59,387:main.py#L88:INFO]: [Workload 8/13] Starting tuning for: sample_ycsb_config7.xml
[2026-01-13 18:25:59,387:main.py#L89:INFO]: ----------------------------------------------------------------------------------------------------
[2026-01-13 19:51:19,113:main.py#L94:INFO]: [Workload 8/13] Successfully completed tuning for: sample_ycsb_config7.xml
[2026-01-13 19:51:19,114:main.py#L87:INFO]: ----------------------------------------------------------------------------------------------------
[2026-01-13 19:51:19,114:main.py#L88:INFO]: [Workload 9/13] Starting tuning for: sample_ycsb_config8.xml
[2026-01-13 19:51:19,114:main.py#L89:INFO]: ----------------------------------------------------------------------------------------------------
[2026-01-13 21:17:41,790:main.py#L94:INFO]: [Workload 9/13] Successfully completed tuning for: sample_ycsb_config8.xml
[2026-01-13 21:17:41,790:main.py#L87:INFO]: ----------------------------------------------------------------------------------------------------
[2026-01-13 21:17:41,790:main.py#L88:INFO]: [Workload 10/13] Starting tuning for: sample_ycsb_config9.xml
[2026-01-13 21:17:41,790:main.py#L89:INFO]: ----------------------------------------------------------------------------------------------------
[2026-01-13 22:43:16,830:main.py#L94:INFO]: [Workload 10/13] Successfully completed tuning for: sample_ycsb_config9.xml
[2026-01-13 22:43:16,830:main.py#L87:INFO]: ----------------------------------------------------------------------------------------------------
[2026-01-13 22:43:16,830:main.py#L88:INFO]: [Workload 11/13] Starting tuning for: sample_ycsb_config10.xml
[2026-01-13 22:43:16,830:main.py#L89:INFO]: ----------------------------------------------------------------------------------------------------
[2026-01-14 00:07:23,183:main.py#L94:INFO]: [Workload 11/13] Successfully completed tuning for: sample_ycsb_config10.xml
[2026-01-14 00:07:23,183:main.py#L87:INFO]: ----------------------------------------------------------------------------------------------------
[2026-01-14 00:07:23,183:main.py#L88:INFO]: [Workload 12/13] Starting tuning for: sample_ycsb_config11.xml
[2026-01-14 00:07:23,183:main.py#L89:INFO]: ----------------------------------------------------------------------------------------------------
[2026-01-14 01:33:36,295:main.py#L94:INFO]: [Workload 12/13] Successfully completed tuning for: sample_ycsb_config11.xml
[2026-01-14 01:33:36,295:main.py#L87:INFO]: ----------------------------------------------------------------------------------------------------
[2026-01-14 01:33:36,295:main.py#L88:INFO]: [Workload 13/13] Starting tuning for: sample_ycsb_config12.xml
[2026-01-14 01:33:36,295:main.py#L89:INFO]: ----------------------------------------------------------------------------------------------------
[2026-01-14 02:59:39,541:main.py#L94:INFO]: [Workload 13/13] Successfully completed tuning for: sample_ycsb_config12.xml
[2026-01-14 02:59:39,541:main.py#L109:INFO]: ====================================================================================================
[2026-01-14 02:59:39,541:main.py#L110:INFO]: TUNING SUMMARY
[2026-01-14 02:59:39,541:main.py#L111:INFO]: ====================================================================================================
[2026-01-14 02:59:39,541:main.py#L112:INFO]: Total workloads processed: 13
[2026-01-14 02:59:39,541:main.py#L113:INFO]: Successfully tuned: 13
[2026-01-14 02:59:39,541:main.py#L114:INFO]: Skipped (already completed): 0
[2026-01-14 02:59:39,541:main.py#L115:INFO]: Failed: 0
[2026-01-14 02:59:39,541:main.py#L116:INFO]: ====================================================================================================
[2026-01-14 02:59:39,541:main.py#L117:INFO]: E2ETune session completed
[2026-01-14 02:59:39,541:main.py#L118:INFO]: ====================================================================================================
